stm32f1xx_ll_spi.h:306:22:LL_SPI_Enable	16	static
stm32f1xx_ll_spi.h:1058:22:LL_SPI_TransmitData8	16	static
stm32f1xx_ll_usart.h:2100:22:LL_USART_EnableIT_RXNE	16	static
stm32f1xx_ll_usart.h:2491:22:LL_USART_TransmitData8	16	static
stm32f1xx_ll_gpio.h:820:22:LL_GPIO_SetOutputPin	16	static
stm32f1xx_ll_gpio.h:849:22:LL_GPIO_ResetOutputPin	16	static
main.c:75:5:_write	32	static
main.c:86:6:max7219Send	16	static
main.c:94:6:max7219SendToAll	24	static
main.c:105:6:max7219SendDis	24	static
main.c:121:6:max7219Init	8	static
main.c:130:6:max7219Clear	16	static
main.c:147:5:main	16	static
main.c:263:6:SystemClock_Config	72	static
main.c:304:6:Error_Handler	4	static
